// Jest Snapshot v1, https://goo.gl/fbAQLP

exports[`GET /users should return a list of users 1`] = `
Array [
  Object {
    "avatarUrl": "https://avatars0.githubusercontent.com/u/905434?v=4",
    "followersCount": 51305,
    "name": "Ruan YiFeng",
    "username": "ruanyf",
  },
  Object {
    "avatarUrl": "https://avatars0.githubusercontent.com/u/905434?v=4",
    "followersCount": 51305,
    "name": "Ruan YiFeng",
    "username": "ruanyf",
  },
]
`;
